
                                                                20-JUL-1983 09:54        VAX-11 Linker V3A-18             Page    1

                                             +------------------------+
                                             ! Object Module Synopsis !
                                             +------------------------+

Module Name     Ident              Bytes      File                                Creation Date      Creator
-----------     -----              -----      -----                               -------------      -------
SCAN            01                   7563 DISK$VMSMASTER:[SYSBLDCOM]SCAN.OBJ;5 29-Jul-1982 15:48  VAX-11 FORTRAN V3.0-2
ERR_HANDLER     01                    165 DISK$VMSMASTER:[SYSBLDCOM]SCAN.OBJ;5 29-Jul-1982 15:48  VAX-11 FORTRAN V3.0-2
SETCCO          V02-004               917 DISK$VMSMASTER:[SYSBLDCOM]SETCCO.OBJ;29-JUL-1982 15:48  VAX-11 Macro V03-00

                                            +--------------------------+
                                            ! Program Section Synopsis !
                                            +--------------------------+

Psect Name      Module Name       Base     End           Length            Align                 Attributes
----------      -----------       ----     ---           ------            -----                 ----------
$PDATA                          00000200 000002B4 000000B5 (        181.) LONG 2   PIC,USR,CON,REL,LCL,  SHR,NOEXE,  RD,NOWRT,NOVEC
                SCAN            00000200 000002AC 000000AD (        173.) LONG 2
                ERR_HANDLER     000002B0 000002B4 00000005 (          5.) LONG 2
$LOCAL                          00000400 00001AEB 000016EC (       5868.) LONG 2   PIC,USR,CON,REL,LCL,NOSHR,NOEXE,  RD,  WRT,NOVEC
                SCAN            00000400 00001A9B 0000169C (       5788.) LONG 2
                ERR_HANDLER     00001A9C 00001AEB 00000050 (         80.) LONG 2
$CODE                           00001C00 00002293 00000694 (       1684.) LONG 2   PIC,USR,CON,REL,LCL,  SHR,  EXE,  RD,NOWRT,NOVEC
                SCAN            00001C00 00002241 00000642 (       1602.) LONG 2
                ERR_HANDLER     00002244 00002293 00000050 (         80.) LONG 2
CODE                            00002294 00002378 000000E5 (        229.) BYTE 0   PIC,USR,CON,REL,LCL,NOSHR,  EXE,  RD,NOWRT,NOVEC
                SETCCO          00002294 00002378 000000E5 (        229.) BYTE 0
$RMSNAM                         00002400 00002403 00000004 (          4.) BYTE 0 NOPIC,USR,CON,REL,LCL,NOSHR,  EXE,  RD,  WRT,NOVEC
                SETCCO          00002400 00002403 00000004 (          4.) BYTE 0
. BLANK .                       00002404 000026AF 000002AC (        684.) BYTE 0 NOPIC,USR,CON,REL,LCL,NOSHR,  EXE,  RD,  WRT,NOVEC
                SETCCO          00002404 000026AF 000002AC (        684.) BYTE 0

                                                +-----------------+
                                                ! Symbols By Name !
                                                +-----------------+

Symbol          Value              Symbol          Value              Symbol          Value              Symbol          Value
------          -----              ------          -----              ------          -----              ------          -----
CCOPEN          0000232D-R         
CLRCCO          00002364-R         
DO_FILE         000022CE-R         
ERR_HANDLER     00002244-R         
SCAN            00001C00-R         
SEARCH_ERROR    000022E7-R         
SETCCO          0000234F-R         
START           00002294-R         

DISK$VMSMASTER:[SYSBLDCOM]SCAN.EXE;7                            20-JUL-1983 09:54        VAX-11 Linker V3A-18             Page    2


Symbol          Value              Symbol          Value              Symbol          Value              Symbol          Value
------          -----              ------          -----              ------          -----              ------          -----




	  Key for special characters above:
		+------------------+
		! *  - Undefined   !
		! U  - Universal   !
		! R  - Relocatable !
		! X  - External    !
		+------------------+

DISK$VMSMASTER:[SYSBLDCOM]SCAN.EXE;7                            20-JUL-1983 09:54        VAX-11 Linker V3A-18             Page    3

                                                 +----------------+
                                                 ! Image Synopsis !
                                                 +----------------+

Virtual memory allocated:                         00000200 000029FF 00002800 (10240. bytes, 20. pages)
Stack size:                                             20. pages
Image header virtual block limits:                       1.        1. (    1. block)
Image binary virtual block limits:                       2.       10. (    9. blocks)
Image name and identification:                    SCAN V02-004
Number of files:                                         7.
Number of modules:                                       7.
Number of program sections:                             11.
Number of global symbols:                              365.
Number of image sections:                               12.
User transfer address:                            00002294
Debugger transfer address:                        7FFEDF68
Number of code references to shareable images:          16.
Image type:                                       EXECUTABLE.
Map format:                                       DEFAULT in file DISK$VMSMASTER:[SYSBLDCOM]SCAN.MAP;1
Estimated map length:                             41. blocks
                                              +---------------------+
                                              ! Link Run Statistics !
                                              +---------------------+

Performance Indicators                            Page Faults	CPU Time	Elapsed Time
----------------------                            -----------	--------	------------
    Command processing:                                    65	00:00:00.23	00:00:00.93
    Pass 1:                                               153	00:00:01.24	00:00:02.91
    Allocation/Relocation:                                 60	00:00:00.21	00:00:00.96
    Pass 2:                                                43	00:00:00.67	00:00:02.92
    Map data after object module synopsis:                 15	00:00:00.14	00:00:00.18
    Symbol table output:                                    3	00:00:00.01	00:00:00.22
Total run values:                                         339	00:00:02.50	00:00:08.12

Using a working set limited to 662 pages and 67 pages of data storage (excluding image)

Total number object records read (both passes):   264
    of which 60 were in libraries and 8 were DEBUG data records containing 475 bytes
429 bytes of DEBUG data were written,starting at VBN 12 with 1 blocks allocated

Number of modules extracted explicitly             = 0
    with 2 extracted to resolve undefined symbols

23 library searches were for symbols not in the library searched

A total of 0 global symbol table records was written

LINK/MAP SCAN,SETCCO
